0 verbose cli /data/data/com.termux/files/usr/bin/node /data/data/com.termux/files/usr/bin/npm
1 info using npm@11.19.1
2 info using node@v26.4.0
3 silly config load:file:/data/data/com.termux/files/usr/lib/node_modules/npm/npmrc
4 silly config load:file:/data/data/com.termux/files/home/.npmrc
5 silly config load:file:/data/data/com.termux/files/usr/etc/npmrc
6 verbose title npm install npm@12.0.2
7 verbose argv "install" "--global" "npm@12.0.2"
8 verbose logfile logs-max:10 dir:/data/data/com.termux/files/home/.npm/_logs/2026-08-28T08_17_51_058Z-
9 verbose logfile /data/data/com.termux/files/home/.npm/_logs/2026-08-28T08_17_51_058Z-debug-0.log
10 silly logfile done cleaning log files
11 http fetch GET 200 https://registry.npmjs.org/npm 638ms (cache miss)
12 silly packumentCache heap:1174405120 maxSize:293601280 maxEntrySize:146800640
13 silly idealTree buildDeps
14 silly fetch manifest npm@12.0.2
15 silly packumentCache full:https://registry.npmjs.org/npm cache-miss
16 http fetch GET 200 https://registry.npmjs.org/npm 2744ms (cache miss)
17 silly packumentCache full:https://registry.npmjs.org/npm set size:undefined disposed:false
18 silly placeDep ROOT npm@12.0.2 OK for:  want: 12.0.2
19 silly reify mark retired [
19 silly reify   '/data/data/com.termux/files/usr/lib/node_modules/npm',
19 silly reify   '/data/data/com.termux/files/usr/bin/npm',
19 silly reify   '/data/data/com.termux/files/usr/bin/npx'
19 silly reify ]
20 silly reify moves {
20 silly reify   '/data/data/com.termux/files/usr/lib/node_modules/npm': '/data/data/com.termux/files/usr/lib/node_modules/.npm-Ad3JtrjG',
20 silly reify   '/data/data/com.termux/files/usr/bin/npm': '/data/data/com.termux/files/usr/bin/.npm-9oXEyzxI',
20 silly reify   '/data/data/com.termux/files/usr/bin/npx': '/data/data/com.termux/files/usr/bin/.npx-vlNjOz4J'
20 silly reify }
21 http cache npm@https://registry.npmjs.org/npm/-/npm-12.0.2.tgz 1ms (cache hit)
22 silly tarball no local data for npm@https://registry.npmjs.org/npm/-/npm-12.0.2.tgz. Extracting by manifest.
23 http fetch GET 200 https://registry.npmjs.org/npm/-/npm-12.0.2.tgz 4095ms (cache miss)
24 silly CHANGE node_modules/npm
25 silly CHANGE node_modules/npm/node_modules/undici
26 silly CHANGE node_modules/npm/node_modules/@sigstore/verify
27 silly CHANGE node_modules/npm/node_modules/@sigstore/tuf
28 silly CHANGE node_modules/npm/node_modules/@sigstore/sign
29 silly CHANGE node_modules/npm/node_modules/@sigstore/core
30 silly CHANGE node_modules/npm/node_modules/@sigstore/bundle
31 silly CHANGE node_modules/npm/node_modules/@tufjs/models
32 silly CHANGE node_modules/npm/node_modules/@npmcli/redact
33 silly CHANGE node_modules/npm/node_modules/@npmcli/run-script
34 silly CHANGE node_modules/npm/node_modules/@npmcli/promise-spawn
35 silly CHANGE node_modules/npm/node_modules/@npmcli/package-json
36 silly CHANGE node_modules/npm/node_modules/@npmcli/node-gyp
37 silly CHANGE node_modules/npm/node_modules/@npmcli/name-from-folder
38 silly CHANGE node_modules/npm/node_modules/@npmcli/metavuln-calculator
39 silly CHANGE node_modules/npm/node_modules/@npmcli/map-workspaces
40 silly CHANGE node_modules/npm/node_modules/@npmcli/installed-package-contents
41 silly CHANGE node_modules/npm/node_modules/@npmcli/git
42 silly CHANGE node_modules/npm/node_modules/@npmcli/fs
43 silly CHANGE node_modules/npm/node_modules/@npmcli/config
44 silly CHANGE node_modules/npm/node_modules/@npmcli/arborist
45 silly CHANGE node_modules/npm/node_modules/@npmcli/agent
46 silly CHANGE node_modules/npm/node_modules/tinyglobby/node_modules/picomatch
47 silly CHANGE node_modules/npm/node_modules/write-file-atomic
48 silly CHANGE node_modules/npm/node_modules/which
49 silly CHANGE node_modules/npm/node_modules/validate-npm-package-name
50 silly CHANGE node_modules/npm/node_modules/tuf-js
51 silly CHANGE node_modules/npm/node_modules/tar
52 silly CHANGE node_modules/npm/node_modules/ssri
53 silly CHANGE node_modules/npm/node_modules/socks-proxy-agent
54 silly CHANGE node_modules/npm/node_modules/read
55 silly CHANGE node_modules/npm/node_modules/qrcode-terminal
56 silly CHANGE node_modules/npm/node_modules/promzard
57 silly CHANGE node_modules/npm/node_modules/sigstore
58 silly CHANGE node_modules/npm/node_modules/semver
59 silly REMOVE node_modules/npm/node_modules/read-cmd-shim
60 silly CHANGE node_modules/npm/node_modules/p-map
61 silly CHANGE node_modules/npm/node_modules/proc-log
62 silly CHANGE node_modules/npm/node_modules/npm-user-validate
63 silly CHANGE node_modules/npm/node_modules/npm-profile
64 silly CHANGE node_modules/npm/node_modules/parse-conflict-json
65 silly CHANGE node_modules/npm/node_modules/pacote
66 silly CHANGE node_modules/npm/node_modules/mute-stream
67 silly CHANGE node_modules/npm/node_modules/libnpmversion
68 silly CHANGE node_modules/npm/node_modules/npm-registry-fetch
69 silly CHANGE node_modules/npm/node_modules/npm-pick-manifest
70 silly CHANGE node_modules/npm/node_modules/npm-packlist
71 silly CHANGE node_modules/npm/node_modules/npm-package-arg
72 silly CHANGE node_modules/npm/node_modules/npm-install-checks
73 silly REMOVE node_modules/npm/node_modules/npm-normalize-package-bin
74 silly REMOVE node_modules/npm/node_modules/npm-bundled
75 silly CHANGE node_modules/npm/node_modules/npm-audit-report
76 silly CHANGE node_modules/npm/node_modules/nopt
77 silly CHANGE node_modules/npm/node_modules/node-gyp
78 silly CHANGE node_modules/npm/node_modules/minipass-fetch
79 silly CHANGE node_modules/npm/node_modules/libnpmpack
80 silly CHANGE node_modules/npm/node_modules/make-fetch-happen
81 silly CHANGE node_modules/npm/node_modules/libnpmteam
82 silly CHANGE node_modules/npm/node_modules/lru-cache
83 silly CHANGE node_modules/npm/node_modules/libnpmsearch
84 silly CHANGE node_modules/npm/node_modules/libnpmdiff
85 silly CHANGE node_modules/npm/node_modules/libnpmpublish
86 silly CHANGE node_modules/npm/node_modules/libnpmorg
87 silly CHANGE node_modules/npm/node_modules/libnpmexec
88 silly CHANGE node_modules/npm/node_modules/libnpmaccess
89 silly CHANGE node_modules/npm/node_modules/libnpmfund
90 silly CHANGE node_modules/npm/node_modules/is-cidr
91 silly REMOVE node_modules/npm/node_modules/ignore-walk
92 silly CHANGE node_modules/npm/node_modules/json-parse-even-better-errors
93 silly CHANGE node_modules/npm/node_modules/init-package-json
94 silly CHANGE node_modules/npm/node_modules/ip-address
95 silly CHANGE node_modules/npm/node_modules/ini
96 silly CHANGE node_modules/npm/node_modules/iconv-lite
97 silly REMOVE node_modules/npm/node_modules/https-proxy-agent
98 silly REMOVE node_modules/npm/node_modules/http-proxy-agent
99 silly CHANGE node_modules/npm/node_modules/hosted-git-info
100 silly CHANGE node_modules/npm/node_modules/cidr-regex
101 silly CHANGE node_modules/npm/node_modules/cssesc
102 silly REMOVE node_modules/npm/node_modules/cmd-shim
103 silly CHANGE node_modules/npm/node_modules/cacache
104 silly REMOVE node_modules/npm/node_modules/agent-base
105 silly CHANGE node_modules/npm/node_modules/brace-expansion
106 silly CHANGE node_modules/npm/node_modules/bin-links
107 silly CHANGE node_modules/npm/node_modules/abbrev
108 verbose cwd /data/data/com.termux/files/home
109 verbose os Linux 4.19.191-gf41c3bed52e9
110 verbose node v26.4.0
111 verbose npm  v11.19.1
112 verbose exit 0
113 info ok
